<?xml version="1.0" encoding="UTF-8"?>
<TestRun id="aa5a4a78-b19d-4bb4-8807-360a0befe996" name="Administrator@IT-41C8711BE33B 2012-11-25 00:18:10" runUser="IT-41C8711BE33B\Administrator" xmlns="http://microsoft.com/schemas/VisualStudio/TeamTest/2010">
  <TestSettings name="Local" id="e96b331a-14e7-443c-a343-adc2a1a24a0b">
    <Description>These are default test settings for a local test run.</Description>
    <Deployment enabled="false" runDeploymentRoot="Administrator_IT-41C8711BE33B 2012-11-25 00_18_10">
      <DeploymentItem filename="C:\GroceryApp\packages\TelerikMvcExtensions.2011.1.315\lib\net40\Telerik.Web.Mvc.dll" />
      <DeploymentItem filename="C:\GroceryApp\packages\EntityFramework.5.0.0\lib\net40\EntityFramework.dll" />
      <DeploymentItem filename="C:\GroceryApp\GroceryApp\bin\GroceryApp.dll" />
    </Deployment>
    <Execution>
      <TestTypeSpecific />
      <AgentRule name="Execution Agents">
      </AgentRule>
    </Execution>
  </TestSettings>
  <Times creation="2012-11-25T00:18:10.5156250+02:00" queuing="2012-11-25T00:18:10.7031250+02:00" start="2012-11-25T00:18:10.8750000+02:00" finish="2012-11-25T00:18:32.3125000+02:00" />
  <ResultSummary outcome="Completed">
    <Counters total="4" executed="4" passed="4" error="0" failed="0" timeout="0" aborted="0" inconclusive="0" passedButRunAborted="0" notRunnable="0" notExecuted="0" disconnected="0" warning="0" completed="0" inProgress="0" pending="0" />
  </ResultSummary>
  <TestDefinitions>
    <UnitTest name="SearchSupplierTest" storage="c:\groceryapp\testservices\bin\debug\testservices.dll" id="e1fb7790-5800-861e-e528-5a2ef6543492">
      <Execution id="83fdd0ad-d534-4cb7-81b7-e20fabd6181d" />
      <TestMethod codeBase="c:/groceryapp/testservices/bin/debug/TestServices.DLL" adapterTypeName="Microsoft.VisualStudio.TestTools.TestTypes.Unit.UnitTestAdapter, Microsoft.VisualStudio.QualityTools.Tips.UnitTest.Adapter, Version=10.0.0.0, Culture=neutral, PublicKeyToken=b03f5f7f11d50a3a" className="TestServices.SupplierSvcADOImplTest, TestServices, Version=1.0.0.0, Culture=neutral, PublicKeyToken=null" name="SearchSupplierTest" />
    </UnitTest>
    <UnitTest name="AddSupplierTest" storage="c:\groceryapp\testservices\bin\debug\testservices.dll" id="d443d2a9-8e51-da8e-6e59-f1a9986abee8">
      <Execution id="bb9e2a04-fd5f-45df-9e26-617d1d996a97" />
      <TestMethod codeBase="C:/GroceryApp/TestServices/bin/Debug/TestServices.DLL" adapterTypeName="Microsoft.VisualStudio.TestTools.TestTypes.Unit.UnitTestAdapter, Microsoft.VisualStudio.QualityTools.Tips.UnitTest.Adapter, Version=10.0.0.0, Culture=neutral, PublicKeyToken=b03f5f7f11d50a3a" className="TestServices.SupplierSvcADOImplTest, TestServices, Version=1.0.0.0, Culture=neutral, PublicKeyToken=null" name="AddSupplierTest" />
    </UnitTest>
    <UnitTest name="UpdateSupplierTest" storage="c:\groceryapp\testservices\bin\debug\testservices.dll" id="f45a016b-4017-a952-4597-19322273f517">
      <Execution id="4e9c6e74-5077-4a41-a929-1787b87c170f" />
      <TestMethod codeBase="c:/groceryapp/testservices/bin/debug/TestServices.DLL" adapterTypeName="Microsoft.VisualStudio.TestTools.TestTypes.Unit.UnitTestAdapter, Microsoft.VisualStudio.QualityTools.Tips.UnitTest.Adapter, Version=10.0.0.0, Culture=neutral, PublicKeyToken=b03f5f7f11d50a3a" className="TestServices.SupplierSvcADOImplTest, TestServices, Version=1.0.0.0, Culture=neutral, PublicKeyToken=null" name="UpdateSupplierTest" />
    </UnitTest>
    <UnitTest name="ZRemoveSupplierTest" storage="c:\groceryapp\testservices\bin\debug\testservices.dll" id="9bb9b129-0752-ae49-a4e2-12cabb963baf">
      <Execution id="1e4da86e-eba8-44a6-a1de-be5e2702ed0c" />
      <TestMethod codeBase="C:/GroceryApp/TestServices/bin/Debug/TestServices.DLL" adapterTypeName="Microsoft.VisualStudio.TestTools.TestTypes.Unit.UnitTestAdapter, Microsoft.VisualStudio.QualityTools.Tips.UnitTest.Adapter, Version=10.0.0.0, Culture=neutral, PublicKeyToken=b03f5f7f11d50a3a" className="TestServices.SupplierSvcADOImplTest, TestServices, Version=1.0.0.0, Culture=neutral, PublicKeyToken=null" name="ZRemoveSupplierTest" />
    </UnitTest>
  </TestDefinitions>
  <TestLists>
    <TestList name="Results Not in a List" id="8c84fa94-04c1-424b-9868-57a2d4851a1d" />
    <TestList name="All Loaded Results" id="19431567-8539-422a-85d7-44ee4e166bda" />
  </TestLists>
  <TestEntries>
    <TestEntry testId="9bb9b129-0752-ae49-a4e2-12cabb963baf" executionId="1e4da86e-eba8-44a6-a1de-be5e2702ed0c" testListId="8c84fa94-04c1-424b-9868-57a2d4851a1d" />
    <TestEntry testId="d443d2a9-8e51-da8e-6e59-f1a9986abee8" executionId="bb9e2a04-fd5f-45df-9e26-617d1d996a97" testListId="8c84fa94-04c1-424b-9868-57a2d4851a1d" />
    <TestEntry testId="e1fb7790-5800-861e-e528-5a2ef6543492" executionId="83fdd0ad-d534-4cb7-81b7-e20fabd6181d" testListId="8c84fa94-04c1-424b-9868-57a2d4851a1d" />
    <TestEntry testId="f45a016b-4017-a952-4597-19322273f517" executionId="4e9c6e74-5077-4a41-a929-1787b87c170f" testListId="8c84fa94-04c1-424b-9868-57a2d4851a1d" />
  </TestEntries>
  <Results>
    <UnitTestResult executionId="1e4da86e-eba8-44a6-a1de-be5e2702ed0c" testId="9bb9b129-0752-ae49-a4e2-12cabb963baf" testName="ZRemoveSupplierTest" computerName="IT-41C8711BE33B" duration="00:00:07.2001276" startTime="2012-11-25T00:18:11.2031250+02:00" endTime="2012-11-25T00:18:20.9531250+02:00" testType="13cdc9d9-ddb5-4fa4-a97d-d965ccfc6d4b" outcome="Passed" testListId="8c84fa94-04c1-424b-9868-57a2d4851a1d" relativeResultsDirectory="1e4da86e-eba8-44a6-a1de-be5e2702ed0c">
    </UnitTestResult>
    <UnitTestResult executionId="bb9e2a04-fd5f-45df-9e26-617d1d996a97" testId="d443d2a9-8e51-da8e-6e59-f1a9986abee8" testName="AddSupplierTest" computerName="IT-41C8711BE33B" duration="00:00:00.6205347" startTime="2012-11-25T00:18:20.9687500+02:00" endTime="2012-11-25T00:18:21.6093750+02:00" testType="13cdc9d9-ddb5-4fa4-a97d-d965ccfc6d4b" outcome="Passed" testListId="8c84fa94-04c1-424b-9868-57a2d4851a1d" relativeResultsDirectory="bb9e2a04-fd5f-45df-9e26-617d1d996a97">
    </UnitTestResult>
    <UnitTestResult executionId="83fdd0ad-d534-4cb7-81b7-e20fabd6181d" testId="e1fb7790-5800-861e-e528-5a2ef6543492" testName="SearchSupplierTest" computerName="IT-41C8711BE33B" duration="00:00:07.2025162" startTime="2012-11-25T00:18:21.6250000+02:00" endTime="2012-11-25T00:18:29.9843750+02:00" testType="13cdc9d9-ddb5-4fa4-a97d-d965ccfc6d4b" outcome="Passed" testListId="8c84fa94-04c1-424b-9868-57a2d4851a1d" relativeResultsDirectory="83fdd0ad-d534-4cb7-81b7-e20fabd6181d">
    </UnitTestResult>
    <UnitTestResult executionId="4e9c6e74-5077-4a41-a929-1787b87c170f" testId="f45a016b-4017-a952-4597-19322273f517" testName="UpdateSupplierTest" computerName="IT-41C8711BE33B" duration="00:00:01.6900254" startTime="2012-11-25T00:18:30.1406250+02:00" endTime="2012-11-25T00:18:31.8750000+02:00" testType="13cdc9d9-ddb5-4fa4-a97d-d965ccfc6d4b" outcome="Passed" testListId="8c84fa94-04c1-424b-9868-57a2d4851a1d" relativeResultsDirectory="4e9c6e74-5077-4a41-a929-1787b87c170f">
    </UnitTestResult>
  </Results>
</TestRun>