<?xml version="1.0" encoding="UTF-8"?>
<TestRun id="f37ca8fb-c7ad-4c8b-a8ab-2576fc62f21f" name="Administrator@IT-41C8711BE33B 2012-11-25 22:18:32" runUser="IT-41C8711BE33B\Administrator" xmlns="http://microsoft.com/schemas/VisualStudio/TeamTest/2010">
  <TestSettings name="Local" id="e96b331a-14e7-443c-a343-adc2a1a24a0b">
    <Description>These are default test settings for a local test run.</Description>
    <Deployment enabled="false" runDeploymentRoot="Administrator_IT-41C8711BE33B 2012-11-25 22_18_32">
      <DeploymentItem filename="C:\GroceryApp\packages\TelerikMvcExtensions.2011.1.315\lib\net40\Telerik.Web.Mvc.dll" />
      <DeploymentItem filename="C:\GroceryApp\packages\EntityFramework.5.0.0\lib\net40\EntityFramework.dll" />
      <DeploymentItem filename="C:\GroceryApp\GroceryApp\bin\GroceryApp.dll" />
    </Deployment>
    <Execution>
      <TestTypeSpecific />
      <AgentRule name="Execution Agents">
      </AgentRule>
    </Execution>
  </TestSettings>
  <Times creation="2012-11-25T22:18:32.8593750+02:00" queuing="2012-11-25T22:18:32.9843750+02:00" start="2012-11-25T22:18:33.1093750+02:00" finish="2012-11-25T22:19:10.6406250+02:00" />
  <ResultSummary outcome="Completed">
    <Counters total="9" executed="9" passed="9" error="0" failed="0" timeout="0" aborted="0" inconclusive="0" passedButRunAborted="0" notRunnable="0" notExecuted="0" disconnected="0" warning="0" completed="0" inProgress="0" pending="0" />
  </ResultSummary>
  <TestDefinitions>
    <UnitTest name="AddProductTest" storage="c:\groceryapp\businesstest\bin\debug\businesstest.dll" id="6ff62ea5-d0a5-9905-38ba-7c96f4e3b4fa">
      <TestMethod codeBase="C:/GroceryApp/BusinessTest/bin/Debug/BusinessTest.DLL" adapterTypeName="Microsoft.VisualStudio.TestTools.TestTypes.Unit.UnitTestAdapter, Microsoft.VisualStudio.QualityTools.Tips.UnitTest.Adapter, Version=10.0.0.0, Culture=neutral, PublicKeyToken=b03f5f7f11d50a3a" className="BusinessTest.ProductMgrTest, BusinessTest, Version=1.0.0.0, Culture=neutral, PublicKeyToken=null" name="AddProductTest" />
    </UnitTest>
    <UnitTest name="UpdateSupplierTest" storage="c:\groceryapp\testservices\bin\debug\testservices.dll" id="f45a016b-4017-a952-4597-19322273f517">
      <TestMethod codeBase="C:/GroceryApp/TestServices/bin/Debug/TestServices.DLL" adapterTypeName="Microsoft.VisualStudio.TestTools.TestTypes.Unit.UnitTestAdapter, Microsoft.VisualStudio.QualityTools.Tips.UnitTest.Adapter, Version=10.0.0.0, Culture=neutral, PublicKeyToken=b03f5f7f11d50a3a" className="TestServices.SupplierSvcADOImplTest, TestServices, Version=1.0.0.0, Culture=neutral, PublicKeyToken=null" name="UpdateSupplierTest" />
    </UnitTest>
    <UnitTest name="AddSupplierTest" storage="c:\groceryapp\testservices\bin\debug\testservices.dll" id="d443d2a9-8e51-da8e-6e59-f1a9986abee8">
      <TestMethod codeBase="C:/GroceryApp/TestServices/bin/Debug/TestServices.DLL" adapterTypeName="Microsoft.VisualStudio.TestTools.TestTypes.Unit.UnitTestAdapter, Microsoft.VisualStudio.QualityTools.Tips.UnitTest.Adapter, Version=10.0.0.0, Culture=neutral, PublicKeyToken=b03f5f7f11d50a3a" className="TestServices.SupplierSvcADOImplTest, TestServices, Version=1.0.0.0, Culture=neutral, PublicKeyToken=null" name="AddSupplierTest" />
    </UnitTest>
    <UnitTest name="RemoveSupplierTest" storage="c:\groceryapp\testservices\bin\debug\testservices.dll" id="3cfe35ab-ea49-5bcb-5397-c416061f5d57">
      <TestMethod codeBase="C:/GroceryApp/TestServices/bin/Debug/TestServices.DLL" adapterTypeName="Microsoft.VisualStudio.TestTools.TestTypes.Unit.UnitTestAdapter, Microsoft.VisualStudio.QualityTools.Tips.UnitTest.Adapter, Version=10.0.0.0, Culture=neutral, PublicKeyToken=b03f5f7f11d50a3a" className="TestServices.SupplierSvcADOImplTest, TestServices, Version=1.0.0.0, Culture=neutral, PublicKeyToken=null" name="RemoveSupplierTest" />
    </UnitTest>
    <UnitTest name="SearchSupplierTest" storage="c:\groceryapp\testservices\bin\debug\testservices.dll" id="e1fb7790-5800-861e-e528-5a2ef6543492">
      <TestMethod codeBase="C:/GroceryApp/TestServices/bin/Debug/TestServices.DLL" adapterTypeName="Microsoft.VisualStudio.TestTools.TestTypes.Unit.UnitTestAdapter, Microsoft.VisualStudio.QualityTools.Tips.UnitTest.Adapter, Version=10.0.0.0, Culture=neutral, PublicKeyToken=b03f5f7f11d50a3a" className="TestServices.SupplierSvcADOImplTest, TestServices, Version=1.0.0.0, Culture=neutral, PublicKeyToken=null" name="SearchSupplierTest" />
    </UnitTest>
    <OrderedTest name="servicestestsuite" storage="c:\groceryapp\testservices\servicestestsuite.orderedtest" id="31cf9b58-aefa-4934-a1f8-89c7e2316dcd" continueAfterFailure="true">
      <Execution id="5705347f-b1d3-41bd-b2c0-ad6b876ed1b7" />
      <TestLinks>
        <TestLink id="d443d2a9-8e51-da8e-6e59-f1a9986abee8" name="AddSupplierTest" storage="bin\debug\testservices.dll" type="Microsoft.VisualStudio.TestTools.TestTypes.Unit.UnitTestElement, Microsoft.VisualStudio.QualityTools.Tips.UnitTest.ObjectModel, Version=10.0.0.0, Culture=neutral, PublicKeyToken=b03f5f7f11d50a3a" />
        <TestLink id="e1fb7790-5800-861e-e528-5a2ef6543492" name="SearchSupplierTest" storage="bin\debug\testservices.dll" type="Microsoft.VisualStudio.TestTools.TestTypes.Unit.UnitTestElement, Microsoft.VisualStudio.QualityTools.Tips.UnitTest.ObjectModel, Version=10.0.0.0, Culture=neutral, PublicKeyToken=b03f5f7f11d50a3a" />
        <TestLink id="f45a016b-4017-a952-4597-19322273f517" name="UpdateSupplierTest" storage="bin\debug\testservices.dll" type="Microsoft.VisualStudio.TestTools.TestTypes.Unit.UnitTestElement, Microsoft.VisualStudio.QualityTools.Tips.UnitTest.ObjectModel, Version=10.0.0.0, Culture=neutral, PublicKeyToken=b03f5f7f11d50a3a" />
        <TestLink id="3cfe35ab-ea49-5bcb-5397-c416061f5d57" name="RemoveSupplierTest" storage="bin\debug\testservices.dll" type="Microsoft.VisualStudio.TestTools.TestTypes.Unit.UnitTestElement, Microsoft.VisualStudio.QualityTools.Tips.UnitTest.ObjectModel, Version=10.0.0.0, Culture=neutral, PublicKeyToken=b03f5f7f11d50a3a" />
        <TestLink id="6ff62ea5-d0a5-9905-38ba-7c96f4e3b4fa" name="AddProductTest" storage="..\businesstest\bin\debug\businesstest.dll" type="Microsoft.VisualStudio.TestTools.TestTypes.Unit.UnitTestElement, Microsoft.VisualStudio.QualityTools.Tips.UnitTest.ObjectModel, Version=10.0.0.0, Culture=neutral, PublicKeyToken=b03f5f7f11d50a3a" />
        <TestLink id="3c0a04bd-ddc1-312c-eda1-0ed41a4b3b01" name="SearchProductTest" storage="..\businesstest\bin\debug\businesstest.dll" type="Microsoft.VisualStudio.TestTools.TestTypes.Unit.UnitTestElement, Microsoft.VisualStudio.QualityTools.Tips.UnitTest.ObjectModel, Version=10.0.0.0, Culture=neutral, PublicKeyToken=b03f5f7f11d50a3a" />
        <TestLink id="6143045e-d7b1-c3cf-6431-871ca4cbe173" name="UpdateProductTest" storage="..\businesstest\bin\debug\businesstest.dll" type="Microsoft.VisualStudio.TestTools.TestTypes.Unit.UnitTestElement, Microsoft.VisualStudio.QualityTools.Tips.UnitTest.ObjectModel, Version=10.0.0.0, Culture=neutral, PublicKeyToken=b03f5f7f11d50a3a" />
        <TestLink id="11468ab7-0a0d-5f63-ec65-4bfd24d50c15" name="RemoveProductTest" storage="..\businesstest\bin\debug\businesstest.dll" type="Microsoft.VisualStudio.TestTools.TestTypes.Unit.UnitTestElement, Microsoft.VisualStudio.QualityTools.Tips.UnitTest.ObjectModel, Version=10.0.0.0, Culture=neutral, PublicKeyToken=b03f5f7f11d50a3a" />
      </TestLinks>
    </OrderedTest>
    <UnitTest name="UpdateProductTest" storage="c:\groceryapp\businesstest\bin\debug\businesstest.dll" id="6143045e-d7b1-c3cf-6431-871ca4cbe173">
      <TestMethod codeBase="C:/GroceryApp/BusinessTest/bin/Debug/BusinessTest.DLL" adapterTypeName="Microsoft.VisualStudio.TestTools.TestTypes.Unit.UnitTestAdapter, Microsoft.VisualStudio.QualityTools.Tips.UnitTest.Adapter, Version=10.0.0.0, Culture=neutral, PublicKeyToken=b03f5f7f11d50a3a" className="BusinessTest.ProductMgrTest, BusinessTest, Version=1.0.0.0, Culture=neutral, PublicKeyToken=null" name="UpdateProductTest" />
    </UnitTest>
    <UnitTest name="SearchProductTest" storage="c:\groceryapp\businesstest\bin\debug\businesstest.dll" id="3c0a04bd-ddc1-312c-eda1-0ed41a4b3b01">
      <TestMethod codeBase="C:/GroceryApp/BusinessTest/bin/Debug/BusinessTest.DLL" adapterTypeName="Microsoft.VisualStudio.TestTools.TestTypes.Unit.UnitTestAdapter, Microsoft.VisualStudio.QualityTools.Tips.UnitTest.Adapter, Version=10.0.0.0, Culture=neutral, PublicKeyToken=b03f5f7f11d50a3a" className="BusinessTest.ProductMgrTest, BusinessTest, Version=1.0.0.0, Culture=neutral, PublicKeyToken=null" name="SearchProductTest" />
    </UnitTest>
    <UnitTest name="RemoveProductTest" storage="c:\groceryapp\businesstest\bin\debug\businesstest.dll" id="11468ab7-0a0d-5f63-ec65-4bfd24d50c15">
      <TestMethod codeBase="C:/GroceryApp/BusinessTest/bin/Debug/BusinessTest.DLL" adapterTypeName="Microsoft.VisualStudio.TestTools.TestTypes.Unit.UnitTestAdapter, Microsoft.VisualStudio.QualityTools.Tips.UnitTest.Adapter, Version=10.0.0.0, Culture=neutral, PublicKeyToken=b03f5f7f11d50a3a" className="BusinessTest.ProductMgrTest, BusinessTest, Version=1.0.0.0, Culture=neutral, PublicKeyToken=null" name="RemoveProductTest" />
    </UnitTest>
  </TestDefinitions>
  <TestLists>
    <TestList name="Results Not in a List" id="8c84fa94-04c1-424b-9868-57a2d4851a1d" />
    <TestList name="All Loaded Results" id="19431567-8539-422a-85d7-44ee4e166bda" />
  </TestLists>
  <TestEntries>
    <TestEntry testId="31cf9b58-aefa-4934-a1f8-89c7e2316dcd" executionId="5705347f-b1d3-41bd-b2c0-ad6b876ed1b7" testListId="8c84fa94-04c1-424b-9868-57a2d4851a1d">
      <TestEntries>
        <TestEntry testId="d443d2a9-8e51-da8e-6e59-f1a9986abee8" executionId="6e11eba4-b130-46e3-b93a-6c585ee99ed2" parentExecutionId="5705347f-b1d3-41bd-b2c0-ad6b876ed1b7" testListId="8c84fa94-04c1-424b-9868-57a2d4851a1d" />
        <TestEntry testId="e1fb7790-5800-861e-e528-5a2ef6543492" executionId="0c0ecc03-5470-40c0-a061-bba318510235" parentExecutionId="5705347f-b1d3-41bd-b2c0-ad6b876ed1b7" testListId="8c84fa94-04c1-424b-9868-57a2d4851a1d" />
        <TestEntry testId="f45a016b-4017-a952-4597-19322273f517" executionId="f8e18f57-393d-455c-81d2-1e1855d97dc7" parentExecutionId="5705347f-b1d3-41bd-b2c0-ad6b876ed1b7" testListId="8c84fa94-04c1-424b-9868-57a2d4851a1d" />
        <TestEntry testId="3cfe35ab-ea49-5bcb-5397-c416061f5d57" executionId="244e51e6-74ea-4908-b3fa-384874f7cd38" parentExecutionId="5705347f-b1d3-41bd-b2c0-ad6b876ed1b7" testListId="8c84fa94-04c1-424b-9868-57a2d4851a1d" />
        <TestEntry testId="6ff62ea5-d0a5-9905-38ba-7c96f4e3b4fa" executionId="5299ddc8-0fb9-4298-b380-000d2b74e07f" parentExecutionId="5705347f-b1d3-41bd-b2c0-ad6b876ed1b7" testListId="8c84fa94-04c1-424b-9868-57a2d4851a1d" />
        <TestEntry testId="3c0a04bd-ddc1-312c-eda1-0ed41a4b3b01" executionId="eda69cf6-9613-41fb-a47b-ada81389051f" parentExecutionId="5705347f-b1d3-41bd-b2c0-ad6b876ed1b7" testListId="8c84fa94-04c1-424b-9868-57a2d4851a1d" />
        <TestEntry testId="6143045e-d7b1-c3cf-6431-871ca4cbe173" executionId="1534d585-1cc1-4644-9049-e84412ebfdb7" parentExecutionId="5705347f-b1d3-41bd-b2c0-ad6b876ed1b7" testListId="8c84fa94-04c1-424b-9868-57a2d4851a1d" />
        <TestEntry testId="11468ab7-0a0d-5f63-ec65-4bfd24d50c15" executionId="54e52dc9-46f8-436f-8834-f907abef3232" parentExecutionId="5705347f-b1d3-41bd-b2c0-ad6b876ed1b7" testListId="8c84fa94-04c1-424b-9868-57a2d4851a1d" />
      </TestEntries>
    </TestEntry>
  </TestEntries>
  <Results>
    <TestResultAggregation executionId="5705347f-b1d3-41bd-b2c0-ad6b876ed1b7" testId="31cf9b58-aefa-4934-a1f8-89c7e2316dcd" testName="servicestestsuite" computerName="IT-41C8711BE33B" duration="00:00:34.8122753" startTime="2012-11-25T22:18:33.2500000+02:00" endTime="2012-11-25T22:19:08.1718750+02:00" testType="ec4800e8-40e5-4ab3-8510-b8bf29b1904d" outcome="Passed" testListId="8c84fa94-04c1-424b-9868-57a2d4851a1d" relativeResultsDirectory="5705347f-b1d3-41bd-b2c0-ad6b876ed1b7">
      <Counters error="0" failed="0" timeout="0" aborted="0" inconclusive="0" passedButRunAborted="0" notRunnable="0" notExecuted="0" disconnected="0" warning="0" passed="8" completed="0" inProgress="0" pending="0" />
      <InnerResults>
        <UnitTestResult executionId="6e11eba4-b130-46e3-b93a-6c585ee99ed2" parentExecutionId="5705347f-b1d3-41bd-b2c0-ad6b876ed1b7" testId="d443d2a9-8e51-da8e-6e59-f1a9986abee8" testName="AddSupplierTest" computerName="IT-41C8711BE33B" duration="00:00:10.1351981" startTime="2012-11-25T22:18:33.3593750+02:00" endTime="2012-11-25T22:18:47.4375000+02:00" testType="13cdc9d9-ddb5-4fa4-a97d-d965ccfc6d4b" outcome="Passed" testListId="8c84fa94-04c1-424b-9868-57a2d4851a1d" relativeResultsDirectory="6e11eba4-b130-46e3-b93a-6c585ee99ed2">
          <Output>
          </Output>
        </UnitTestResult>
        <UnitTestResult executionId="0c0ecc03-5470-40c0-a061-bba318510235" parentExecutionId="5705347f-b1d3-41bd-b2c0-ad6b876ed1b7" testId="e1fb7790-5800-861e-e528-5a2ef6543492" testName="SearchSupplierTest" computerName="IT-41C8711BE33B" duration="00:00:00.3828575" startTime="2012-11-25T22:18:47.4531250+02:00" endTime="2012-11-25T22:18:48.2343750+02:00" testType="13cdc9d9-ddb5-4fa4-a97d-d965ccfc6d4b" outcome="Passed" testListId="8c84fa94-04c1-424b-9868-57a2d4851a1d" relativeResultsDirectory="0c0ecc03-5470-40c0-a061-bba318510235">
          <Output>
          </Output>
        </UnitTestResult>
        <UnitTestResult executionId="f8e18f57-393d-455c-81d2-1e1855d97dc7" parentExecutionId="5705347f-b1d3-41bd-b2c0-ad6b876ed1b7" testId="f45a016b-4017-a952-4597-19322273f517" testName="UpdateSupplierTest" computerName="IT-41C8711BE33B" duration="00:00:00.4817226" startTime="2012-11-25T22:18:48.2343750+02:00" endTime="2012-11-25T22:18:49.0468750+02:00" testType="13cdc9d9-ddb5-4fa4-a97d-d965ccfc6d4b" outcome="Passed" testListId="8c84fa94-04c1-424b-9868-57a2d4851a1d" relativeResultsDirectory="f8e18f57-393d-455c-81d2-1e1855d97dc7">
          <Output>
          </Output>
        </UnitTestResult>
        <UnitTestResult executionId="244e51e6-74ea-4908-b3fa-384874f7cd38" parentExecutionId="5705347f-b1d3-41bd-b2c0-ad6b876ed1b7" testId="3cfe35ab-ea49-5bcb-5397-c416061f5d57" testName="RemoveSupplierTest" computerName="IT-41C8711BE33B" duration="00:00:00.6066676" startTime="2012-11-25T22:18:49.0468750+02:00" endTime="2012-11-25T22:18:49.8750000+02:00" testType="13cdc9d9-ddb5-4fa4-a97d-d965ccfc6d4b" outcome="Passed" testListId="8c84fa94-04c1-424b-9868-57a2d4851a1d" relativeResultsDirectory="244e51e6-74ea-4908-b3fa-384874f7cd38">
          <Output>
          </Output>
        </UnitTestResult>
        <UnitTestResult executionId="5299ddc8-0fb9-4298-b380-000d2b74e07f" parentExecutionId="5705347f-b1d3-41bd-b2c0-ad6b876ed1b7" testId="6ff62ea5-d0a5-9905-38ba-7c96f4e3b4fa" testName="AddProductTest" computerName="IT-41C8711BE33B" duration="00:00:10.4624135" startTime="2012-11-25T22:18:49.8750000+02:00" endTime="2012-11-25T22:19:04.9218750+02:00" testType="13cdc9d9-ddb5-4fa4-a97d-d965ccfc6d4b" outcome="Passed" testListId="8c84fa94-04c1-424b-9868-57a2d4851a1d" relativeResultsDirectory="5299ddc8-0fb9-4298-b380-000d2b74e07f">
          <Output>
          </Output>
        </UnitTestResult>
        <UnitTestResult executionId="eda69cf6-9613-41fb-a47b-ada81389051f" parentExecutionId="5705347f-b1d3-41bd-b2c0-ad6b876ed1b7" testId="3c0a04bd-ddc1-312c-eda1-0ed41a4b3b01" testName="SearchProductTest" computerName="IT-41C8711BE33B" duration="00:00:00.3740936" startTime="2012-11-25T22:19:04.9218750+02:00" endTime="2012-11-25T22:19:06.3281250+02:00" testType="13cdc9d9-ddb5-4fa4-a97d-d965ccfc6d4b" outcome="Passed" testListId="8c84fa94-04c1-424b-9868-57a2d4851a1d" relativeResultsDirectory="eda69cf6-9613-41fb-a47b-ada81389051f">
          <Output>
          </Output>
        </UnitTestResult>
        <UnitTestResult executionId="1534d585-1cc1-4644-9049-e84412ebfdb7" parentExecutionId="5705347f-b1d3-41bd-b2c0-ad6b876ed1b7" testId="6143045e-d7b1-c3cf-6431-871ca4cbe173" testName="UpdateProductTest" computerName="IT-41C8711BE33B" duration="00:00:00.6653644" startTime="2012-11-25T22:19:06.3281250+02:00" endTime="2012-11-25T22:19:07.3750000+02:00" testType="13cdc9d9-ddb5-4fa4-a97d-d965ccfc6d4b" outcome="Passed" testListId="8c84fa94-04c1-424b-9868-57a2d4851a1d" relativeResultsDirectory="1534d585-1cc1-4644-9049-e84412ebfdb7">
          <Output>
          </Output>
        </UnitTestResult>
        <UnitTestResult executionId="54e52dc9-46f8-436f-8834-f907abef3232" parentExecutionId="5705347f-b1d3-41bd-b2c0-ad6b876ed1b7" testId="11468ab7-0a0d-5f63-ec65-4bfd24d50c15" testName="RemoveProductTest" computerName="IT-41C8711BE33B" duration="00:00:00.6984113" startTime="2012-11-25T22:19:07.3750000+02:00" endTime="2012-11-25T22:19:08.1562500+02:00" testType="13cdc9d9-ddb5-4fa4-a97d-d965ccfc6d4b" outcome="Passed" testListId="8c84fa94-04c1-424b-9868-57a2d4851a1d" relativeResultsDirectory="54e52dc9-46f8-436f-8834-f907abef3232">
          <Output>
          </Output>
        </UnitTestResult>
      </InnerResults>
    </TestResultAggregation>
  </Results>
</TestRun>